// Jest Snapshot v1, https://goo.gl/fbAQLP

exports[`GoalList View snapshots basic render 1`] = `
<StyledWrapper>
  <GoalList
    list={Array []}
    onPress={[MockFunction]}
  />
</StyledWrapper>
`;
