// Jest Snapshot v1, https://goo.gl/fbAQLP

exports[`Form Inputs - TextInput snapshots basic render 1`] = `
<View
  style={
    Object {
      "width": "100%",
    }
  }
>
  <Input
    containerStyle={
      Object {
        "width": "100%",
      }
    }
    onBlur={[Function]}
    onChangeText={[Function]}
    placeholder="Enter your title"
  />
</View>
`;

exports[`Form Inputs - TextInput snapshots should render an error 1`] = `
<View
  style={
    Object {
      "width": "100%",
    }
  }
>
  <Input
    containerStyle={
      Object {
        "width": "100%",
      }
    }
    onBlur={[Function]}
    onChangeText={[Function]}
    placeholder="Enter your title"
    value=""
  />
  <Text
    accessible={true}
    allowFontScaling={true}
    ellipsizeMode="tail"
  >
    Title is required
  </Text>
</View>
`;
