// Jest Snapshot v1, https://goo.gl/fbAQLP

exports[`LoadingMask snapshots basic render 1`] = `
<StyledWrapper
  style={
    Array [
      Object {
        "bottom": 0,
        "left": 0,
        "position": "absolute",
        "right": 0,
        "top": 0,
      },
      undefined,
    ]
  }
>
  <ActivityIndicator
    animating={true}
    color="#999999"
    hidesWhenStopped={true}
    size="small"
  />
</StyledWrapper>
`;
