// Jest Snapshot v1, https://goo.gl/fbAQLP

exports[`Progress snapshots normal progress 1`] = `
<View>
  <Slider
    animationType="timing"
    debugTouchArea={false}
    maximumTrackTintColor="#b3b3b3"
    maximumValue={10}
    minimumTrackTintColor="#3f3f3f"
    minimumValue={1}
    orientation="horizontal"
    step={0}
    thumbTintColor="red"
    thumbTouchSize={
      Object {
        "height": 40,
        "width": 40,
      }
    }
    value={2}
  />
  <View
    style={
      Object {
        "alignItems": "center",
      }
    }
  >
    <Percent
      current={2}
      end={10}
      start={1}
    />
  </View>
</View>
`;

exports[`Progress snapshots simple percent 1`] = `
<StyledText
  color="yellow"
>
  11.11%
</StyledText>
`;
